// Vitest Snapshot v1, https://vitest.dev/guide/snapshot.html

exports[`Dropdown Select > renders correctly 1`] = `
"<details data-v-10d9b766="" class="dropdown">
  <summary data-v-10d9b766="" data-has-value="false">Select an option</summary>
  <ul data-v-10d9b766="">
    <!--v-if-->
    <!--v-if-->
    <li data-v-10d9b766=""><label data-v-10d9b766=""><input data-v-10d9b766="" type="checkbox" tabindex="0" value="One"> One</label></li>
    <li data-v-10d9b766=""><label data-v-10d9b766=""><input data-v-10d9b766="" type="checkbox" tabindex="0" value="Two"> Two</label></li>
    <li data-v-10d9b766=""><label data-v-10d9b766=""><input data-v-10d9b766="" type="checkbox" tabindex="0" value="Three"> Three</label></li>
    <!--v-if-->
    <!-- if the results are limited because of the visible limit, but there are more filteredResults, show a message -->
    <!--v-if-->
  </ul>
</details>"
`;
