// Vitest Snapshot v1, https://vitest.dev/guide/snapshot.html

exports[`Pagination > renders correctly by default 1`] = `
"<nav aria-label="Pagination"><button disabled="" type="button" aria-label="Previous page" class="prev"><span aria-hidden="true">«</span></button><button disabled="" type="button" aria-label="Go to page 1" class="outline contrast">1</button><button type="button" aria-label="Go to page 2" class="outline contrast">2</button><button type="button" aria-label="Go to page 3" class="outline contrast">3</button><button disabled="" class="outline secondary" type="button">...</button><button type="button" aria-label="Go to page 10" class="outline contrast">10</button>
  <!--v-if--><button type="button" aria-label="Next page" class="next"><span aria-hidden="true">»</span></button>
</nav>"
`;
